node.exe : - 
Building...
Au caractère Ligne:1 : 
1
+ & "C:\Program 
Files\nodejs/node.exe" 
"C:\Program 
Files\nodejs/node_mo 
...
+ ~~~~~~~~~~~~~~~~~~~~~
~~~~~~~~~~~~~~~~~~~~~~~
~~~~~~~~~~~~~~~~~~~~~~~
~~
    + CategoryInfo     
         : 
NotSpecified: (- B    
uilding...:String) [], 
    RemoteException
    + 
FullyQualifiedErrorI   
 d : NativeCommandError
 

Application bundle generation failed. [3.330 seconds]

X [ERROR] Could not 
resolve "./dashboard/da
shboard.component"

    src/app/app-routing
.module.ts:3:35:
      3 Ôöé import { 
DashboardComponent } 
from './dashboard/dashb
oard.component';
        ÔòÁ            
                       
 ~~~~~~~~~~~~~~~~~~~~~~
~~~~~~~~~~~


X [ERROR] TS2307: 
Cannot find module './d
ashboard/dashboard.comp
onent' or its 
corresponding type 
declarations. [plugin 
angular-compiler]

    src/app/app-routing
.module.ts:3:35:
      3 Ôöé import { 
DashboardComponent } 
from './dashboard/dashb
oard.component';
        ÔòÁ            
                       
 ~~~~~~~~~~~~~~~~~~~~~~
~~~~~~~~~~~


X [ERROR] NG8001: 
'router-outlet' is not 
a known element:
1. If 'router-outlet' 
is an Angular 
component, then verify 
that it is part of 
this module.
2. If 'router-outlet' 
is a Web Component 
then add 'CUSTOM_ELEMEN
TS_SCHEMA' to the 
'@NgModule.schemas' of 
this component to 
suppress this message. 
[plugin 
angular-compiler]

    src/app/app.compone
nt.html:0:0:
      0 Ôöé 
        ÔòÁ ^

  Error occurs in the 
template of component 
AppComponent.

    src/app/app.compone
nt.ts:5:15:
      5 Ôöé   
templateUrl: 
'./app.component.html',
        ÔòÁ            
    
~~~~~~~~~~~~~~~~~~~~~~


X [ERROR] Could not 
resolve "./dashboard/da
shboard.component"

    src/app/app.module.
ts:8:35:
      8 Ôöé import { 
DashboardComponent } 
from './dashboard/dashb
oard.component';
        ÔòÁ            
                       
 ~~~~~~~~~~~~~~~~~~~~~~
~~~~~~~~~~~


X [ERROR] TS2307: 
Cannot find module './d
ashboard/dashboard.comp
onent' or its 
corresponding type 
declarations. [plugin 
angular-compiler]

    src/app/app.module.
ts:8:35:
      8 Ôöé import { 
DashboardComponent } 
from './dashboard/dashb
oard.component';
        ÔòÁ            
                       
 ~~~~~~~~~~~~~~~~~~~~~~
~~~~~~~~~~~


X [ERROR] TS-991010: 
Value at position 1 in 
the 
NgModule.declarations 
of AppModule is not a 
reference
  Value could not be 
determined statically. 
[plugin 
angular-compiler]

    src/app/app.module.
ts:11:16:
      11 Ôöé   
declarations: [
         ÔòÁ           
      ^

  Unknown reference.

    src/app/app.module.
ts:13:4:
      13 Ôöé     
DashboardComponent
         ÔòÁ     
~~~~~~~~~~~~~~~~~~


